Intermediate/fibonacci.ml
